c:\users\gabriel\desktop\exercise3\exercise3\x64\debug\vc143.pdb
c:\users\gabriel\desktop\exercise3\exercise3\x64\debug\vc143.idb
c:\users\gabriel\desktop\exercise3\exercise3\x64\debug\wordgenerator.obj
c:\users\gabriel\desktop\exercise3\exercise3\x64\debug\validator.obj
c:\users\gabriel\desktop\exercise3\exercise3\x64\debug\utility.obj
c:\users\gabriel\desktop\exercise3\exercise3\x64\debug\instructions.obj
c:\users\gabriel\desktop\exercise3\exercise3\x64\debug\game.obj
c:\users\gabriel\desktop\exercise3\exercise3\x64\debug\engine.obj
c:\users\gabriel\desktop\exercise3\exercise3\x64\debug\catsandcougars.obj
c:\users\gabriel\desktop\exercise3\x64\debug\exercise3.exe
c:\users\gabriel\desktop\exercise3\x64\debug\exercise3.pdb
c:\users\gabriel\desktop\exercise3\exercise3\x64\debug\exercise3.ilk
c:\users\gabriel\desktop\exercise3\exercise3\x64\debug\exercise3.tlog\cl.command.1.tlog
c:\users\gabriel\desktop\exercise3\exercise3\x64\debug\exercise3.tlog\cl.items.tlog
c:\users\gabriel\desktop\exercise3\exercise3\x64\debug\exercise3.tlog\cl.read.1.tlog
c:\users\gabriel\desktop\exercise3\exercise3\x64\debug\exercise3.tlog\cl.write.1.tlog
c:\users\gabriel\desktop\exercise3\exercise3\x64\debug\exercise3.tlog\link.command.1.tlog
c:\users\gabriel\desktop\exercise3\exercise3\x64\debug\exercise3.tlog\link.read.1.tlog
c:\users\gabriel\desktop\exercise3\exercise3\x64\debug\exercise3.tlog\link.secondary.1.tlog
c:\users\gabriel\desktop\exercise3\exercise3\x64\debug\exercise3.tlog\link.write.1.tlog
